// Jest Snapshot v1, https://goo.gl/fbAQLP

exports[`Poster renders correctly 1`] = `
<img
  defaultImage="data:image/gif;base64,R0lGODlhAQABAIAAAP///wAAACH5BAEAAAAALAAAAAABAAEAAAICRAEAOw=="
  height={200}
  image="some-path"
  width={100}
/>
`;
